AR multplex_displays behavioral "C:/Users/Daniel/Documents/UnB/Sistemas Digitais 2/Trabalhos/final/JogoDaVelha/multplex_displays.vhd" sub00/vhpl11 1417758708
AR debouncer behavioral "C:/Users/Daniel/Documents/UnB/Sistemas Digitais 2/Trabalhos/final/JogoDaVelha/debouncer.vhd" sub00/vhpl03 1417758700
AR maquina behavioral "C:/Users/Daniel/Documents/UnB/Sistemas Digitais 2/Trabalhos/final/JogoDaVelha/maquina.vhd" sub00/vhpl05 1417758702
AR decodificador_7segmentos arch "C:/Users/Daniel/Documents/UnB/Sistemas Digitais 2/Trabalhos/final/JogoDaVelha/decodificador_7.vhd" sub00/vhpl09 1417758706
AR conversor_binario_bcd arch "C:/Users/Daniel/Documents/UnB/Sistemas Digitais 2/Trabalhos/final/JogoDaVelha/conversor_bcd.vhd" sub00/vhpl07 1417758704
EN conversor_binario_bcd NULL "C:/Users/Daniel/Documents/UnB/Sistemas Digitais 2/Trabalhos/final/JogoDaVelha/conversor_bcd.vhd" sub00/vhpl06 1417758703
EN decodificador_7segmentos NULL "C:/Users/Daniel/Documents/UnB/Sistemas Digitais 2/Trabalhos/final/JogoDaVelha/decodificador_7.vhd" sub00/vhpl08 1417758705
AR conta_1s behavioral "C:/Users/Daniel/Documents/UnB/Sistemas Digitais 2/Trabalhos/final/JogoDaVelha/contador_50Mhz_1s.vhd" sub00/vhpl01 1417758698
EN conta_1s NULL "C:/Users/Daniel/Documents/UnB/Sistemas Digitais 2/Trabalhos/final/JogoDaVelha/contador_50Mhz_1s.vhd" sub00/vhpl00 1417758697
AR top_level jogo_velha "C:/Users/Daniel/Documents/UnB/Sistemas Digitais 2/Trabalhos/final/JogoDaVelha/top_lvl.vhd" sub00/vhpl13 1417758710
EN multplex_displays NULL "C:/Users/Daniel/Documents/UnB/Sistemas Digitais 2/Trabalhos/final/JogoDaVelha/multplex_displays.vhd" sub00/vhpl10 1417758707
EN maquina NULL "C:/Users/Daniel/Documents/UnB/Sistemas Digitais 2/Trabalhos/final/JogoDaVelha/maquina.vhd" sub00/vhpl04 1417758701
EN debouncer NULL "C:/Users/Daniel/Documents/UnB/Sistemas Digitais 2/Trabalhos/final/JogoDaVelha/debouncer.vhd" sub00/vhpl02 1417758699
EN top_level NULL "C:/Users/Daniel/Documents/UnB/Sistemas Digitais 2/Trabalhos/final/JogoDaVelha/top_lvl.vhd" sub00/vhpl12 1417758709
