V3 27
FL "C:/Users/Daniel/Documents/UnB/Sistemas Digitais 2/Trabalhos/final/JogoDaVelha/contador_50Mhz_1s.vhd" 2014/12/05.03:27:54 P.20131013
EN work/conta_1s 1417758697 \
      FL "C:/Users/Daniel/Documents/UnB/Sistemas Digitais 2/Trabalhos/final/JogoDaVelha/contador_50Mhz_1s.vhd" \
      PB ieee/std_logic_1164 1381692176
AR work/conta_1s/Behavioral 1417758698 \
      FL "C:/Users/Daniel/Documents/UnB/Sistemas Digitais 2/Trabalhos/final/JogoDaVelha/contador_50Mhz_1s.vhd" \
      EN work/conta_1s 1417758697
FL "C:/Users/Daniel/Documents/UnB/Sistemas Digitais 2/Trabalhos/final/JogoDaVelha/conversor_bcd.vhd" 2014/12/03.21:53:22 P.20131013
EN work/Conversor_binario_bcd 1417758703 \
      FL "C:/Users/Daniel/Documents/UnB/Sistemas Digitais 2/Trabalhos/final/JogoDaVelha/conversor_bcd.vhd" \
      PB ieee/std_logic_1164 1381692176
AR work/Conversor_binario_bcd/arch 1417758704 \
      FL "C:/Users/Daniel/Documents/UnB/Sistemas Digitais 2/Trabalhos/final/JogoDaVelha/conversor_bcd.vhd" \
      EN work/Conversor_binario_bcd 1417758703
FL "C:/Users/Daniel/Documents/UnB/Sistemas Digitais 2/Trabalhos/final/JogoDaVelha/debouncer.vhd" 2014/12/03.21:53:22 P.20131013
EN work/debouncer 1417758699 \
      FL "C:/Users/Daniel/Documents/UnB/Sistemas Digitais 2/Trabalhos/final/JogoDaVelha/debouncer.vhd" \
      PB ieee/std_logic_1164 1381692176
AR work/debouncer/Behavioral 1417758700 \
      FL "C:/Users/Daniel/Documents/UnB/Sistemas Digitais 2/Trabalhos/final/JogoDaVelha/debouncer.vhd" \
      EN work/debouncer 1417758699
FL "C:/Users/Daniel/Documents/UnB/Sistemas Digitais 2/Trabalhos/final/JogoDaVelha/decodificador_7.vhd" 2014/12/03.21:53:22 P.20131013
EN work/Decodificador_7segmentos 1417758705 \
      FL "C:/Users/Daniel/Documents/UnB/Sistemas Digitais 2/Trabalhos/final/JogoDaVelha/decodificador_7.vhd" \
      PB ieee/std_logic_1164 1381692176
AR work/Decodificador_7segmentos/arch 1417758706 \
      FL "C:/Users/Daniel/Documents/UnB/Sistemas Digitais 2/Trabalhos/final/JogoDaVelha/decodificador_7.vhd" \
      EN work/Decodificador_7segmentos 1417758705
FL "C:/Users/Daniel/Documents/UnB/Sistemas Digitais 2/Trabalhos/final/JogoDaVelha/maquina.vhd" 2014/12/05.03:32:25 P.20131013
EN work/maquina 1417758701 \
      FL "C:/Users/Daniel/Documents/UnB/Sistemas Digitais 2/Trabalhos/final/JogoDaVelha/maquina.vhd" \
      PB ieee/std_logic_1164 1381692176 PB ieee/std_logic_arith 1381692177 \
      PB ieee/STD_LOGIC_UNSIGNED 1381692179
AR work/maquina/Behavioral 1417758702 \
      FL "C:/Users/Daniel/Documents/UnB/Sistemas Digitais 2/Trabalhos/final/JogoDaVelha/maquina.vhd" \
      EN work/maquina 1417758701 CP conta_1s
FL "C:/Users/Daniel/Documents/UnB/Sistemas Digitais 2/Trabalhos/final/JogoDaVelha/multplex_displays.vhd" 2014/12/03.21:53:22 P.20131013
EN work/multplex_displays 1417758707 \
      FL "C:/Users/Daniel/Documents/UnB/Sistemas Digitais 2/Trabalhos/final/JogoDaVelha/multplex_displays.vhd" \
      PB ieee/std_logic_1164 1381692176
AR work/multplex_displays/Behavioral 1417758708 \
      FL "C:/Users/Daniel/Documents/UnB/Sistemas Digitais 2/Trabalhos/final/JogoDaVelha/multplex_displays.vhd" \
      EN work/multplex_displays 1417758707
FL "C:/Users/Daniel/Documents/UnB/Sistemas Digitais 2/Trabalhos/final/JogoDaVelha/top_lvl.vhd" 2014/12/04.12:41:38 P.20131013
EN work/Top_level 1417758709 \
      FL "C:/Users/Daniel/Documents/UnB/Sistemas Digitais 2/Trabalhos/final/JogoDaVelha/top_lvl.vhd" \
      PB ieee/std_logic_1164 1381692176
AR work/Top_level/Jogo_Velha 1417758710 \
      FL "C:/Users/Daniel/Documents/UnB/Sistemas Digitais 2/Trabalhos/final/JogoDaVelha/top_lvl.vhd" \
      EN work/Top_level 1417758709 CP debouncer CP maquina CP conversor_binario_bcd \
      CP Decodificador_7segmentos CP multplex_displays
